[entering obscuredFunction-116, exiting obscuredFunction-116]