[ entering runIdentity-118
, exiting runIdentity-118
, entering newtypeFunction-126
, exiting newtypeFunction-126
, entering `$fFoldableIdentity`-120
, exiting `$fFoldableIdentity`-120 ]