[ entering fact-115
, entering equalsInteger-122
, exiting equalsInteger-122
, entering subtractInteger-139
, exiting subtractInteger-139
, entering fact-115
, entering equalsInteger-122
, exiting equalsInteger-122
, entering subtractInteger-139
, exiting subtractInteger-139
, entering fact-115
, entering equalsInteger-122
, exiting equalsInteger-122
, entering subtractInteger-139
, exiting subtractInteger-139
, entering fact-115
, entering equalsInteger-122
, exiting equalsInteger-122
, entering subtractInteger-139
, exiting subtractInteger-139
, entering fact-115
, entering equalsInteger-122
, exiting equalsInteger-122
, exiting fact-115
, entering multiplyInteger-133
, exiting multiplyInteger-133
, exiting fact-115
, entering multiplyInteger-133
, exiting multiplyInteger-133
, exiting fact-115
, entering multiplyInteger-133
, exiting multiplyInteger-133
, exiting fact-115
, entering multiplyInteger-133
, exiting multiplyInteger-133
, exiting fact-115 ]