program
  1.1.0
  (let
    !addInteger : integer -> integer -> integer = addInteger
    ~addInteger : integer -> integer -> integer
      = \(x : integer) ->
          let
            !x : integer = x
          in
          \(y : integer) ->
            let
              !y : integer = y
            in
            trace
              {unit -> integer}
              "entering addInteger-137"
              (\(thunk : unit) ->
                 trace {integer} "exiting addInteger-137" (addInteger x y))
              ()
    data Bool | Bool_match where
      True : Bool
      False : Bool
    !equalsInteger : integer -> integer -> bool = equalsInteger
    !ifThenElse : all a. bool -> a -> a -> a = ifThenElse
    ~equalsInteger : integer -> integer -> Bool
      = \(x : integer) ->
          let
            !x : integer = x
          in
          \(y : integer) ->
            let
              !y : integer = y
            in
            trace
              {unit -> Bool}
              "entering equalsInteger-122"
              (\(thunk : unit) ->
                 trace
                   {Bool}
                   "exiting equalsInteger-122"
                   (let
                     !b : bool = equalsInteger x y
                   in
                   ifThenElse {Bool} b True False))
              ()
    !subtractInteger : integer -> integer -> integer = subtractInteger
    ~subtractInteger : integer -> integer -> integer
      = \(x : integer) ->
          let
            !x : integer = x
          in
          \(y : integer) ->
            let
              !y : integer = y
            in
            trace
              {unit -> integer}
              "entering subtractInteger-143"
              (\(thunk : unit) ->
                 trace
                   {integer}
                   "exiting subtractInteger-143"
                   (subtractInteger x y))
              ()
  in
  letrec
    ~fib : integer -> integer
      = \(n : integer) ->
          let
            !n : integer = n
          in
          trace
            {unit -> integer}
            "entering fib-115"
            (\(thunk : unit) ->
               trace
                 {integer}
                 "exiting fib-115"
                 (Bool_match
                    (equalsInteger n 0)
                    {all dead. integer}
                    (/\dead -> 0)
                    (/\dead ->
                       Bool_match
                         (equalsInteger n 1)
                         {all dead. integer}
                         (/\dead -> 1)
                         (/\dead ->
                            addInteger
                              (fib (subtractInteger n 1))
                              (fib (subtractInteger n 2)))
                         {all dead. dead})
                    {all dead. dead}))
            ()
  in
  fib)