[ entering fib-115
, entering equalsInteger-122
, exiting equalsInteger-122
, entering equalsInteger-122
, exiting equalsInteger-122
, entering subtractInteger-143
, exiting subtractInteger-143
, entering fib-115
, entering equalsInteger-122
, exiting equalsInteger-122
, entering equalsInteger-122
, exiting equalsInteger-122
, entering subtractInteger-143
, exiting subtractInteger-143
, entering fib-115
, entering equalsInteger-122
, exiting equalsInteger-122
, entering equalsInteger-122
, exiting equalsInteger-122
, entering subtractInteger-143
, exiting subtractInteger-143
, entering fib-115
, entering equalsInteger-122
, exiting equalsInteger-122
, entering equalsInteger-122
, exiting equalsInteger-122
, exiting fib-115
, entering subtractInteger-143
, exiting subtractInteger-143
, entering fib-115
, entering equalsInteger-122
, exiting equalsInteger-122
, exiting fib-115
, entering addInteger-137
, exiting addInteger-137
, exiting fib-115
, entering subtractInteger-143
, exiting subtractInteger-143
, entering fib-115
, entering equalsInteger-122
, exiting equalsInteger-122
, entering equalsInteger-122
, exiting equalsInteger-122
, exiting fib-115
, entering addInteger-137
, exiting addInteger-137
, exiting fib-115
, entering subtractInteger-143
, exiting subtractInteger-143
, entering fib-115
, entering equalsInteger-122
, exiting equalsInteger-122
, entering equalsInteger-122
, exiting equalsInteger-122
, entering subtractInteger-143
, exiting subtractInteger-143
, entering fib-115
, entering equalsInteger-122
, exiting equalsInteger-122
, entering equalsInteger-122
, exiting equalsInteger-122
, exiting fib-115
, entering subtractInteger-143
, exiting subtractInteger-143
, entering fib-115
, entering equalsInteger-122
, exiting equalsInteger-122
, exiting fib-115
, entering addInteger-137
, exiting addInteger-137
, exiting fib-115
, entering addInteger-137
, exiting addInteger-137
, exiting fib-115 ]