[entering id-116, exiting id-116, entering id-116, exiting id-116]