program
  1.1.0
  (let
    ~id : all a. a -> a
      = /\a ->
          \(x : a) ->
            trace
              {unit -> a}
              "entering id-116"
              (\(thunk : unit) -> trace {a} "exiting id-116" x)
              ()
  in
  id {integer} (id {integer} 1))