[ entering f-129
, entering addInteger-123
, exiting addInteger-123
, exiting f-129
, entering f-129
, entering addInteger-123
, exiting addInteger-123
, exiting f-129
, entering addInteger-123
, exiting addInteger-123
, entering multiplyInteger-131
, exiting multiplyInteger-131 ]