[ entering f-127
, entering addInteger-121
, exiting addInteger-121
, exiting f-127
, entering f-127
, entering addInteger-121
, exiting addInteger-121
, exiting f-127
, entering addInteger-121
, exiting addInteger-121 ]