[ entering f-117
, entering equalsInteger-124
, exiting equalsInteger-124
, entering subtractInteger-141
, exiting subtractInteger-141
, entering f-117
, entering equalsInteger-124
, exiting equalsInteger-124
, entering subtractInteger-141
, exiting subtractInteger-141
, entering f-117
, entering equalsInteger-124
, exiting equalsInteger-124
, entering subtractInteger-141
, exiting subtractInteger-141
, entering f-117
, entering equalsInteger-124
, exiting equalsInteger-124
, exiting f-117
, entering addInteger-135
, exiting addInteger-135
, exiting f-117
, entering addInteger-135
, exiting addInteger-135
, exiting f-117
, entering addInteger-135
, exiting addInteger-135
, exiting f-117 ]